Component: ARM Compiler 5.06 update 6 (build 750) Tool: armlink [4d35ed]

==============================================================================

Section Cross References

    system_stm32l1xx.o(i.SystemCoreClockUpdate) refers to system_stm32l1xx.o(.data) for .data
    system_stm32l1xx.o(i.SystemCoreClockUpdate) refers to system_stm32l1xx.o(.constdata) for .constdata
    startup_stm32l152xe.o(RESET) refers to startup_stm32l152xe.o(STACK) for __initial_sp
    startup_stm32l152xe.o(RESET) refers to startup_stm32l152xe.o(.text) for Reset_Handler
    startup_stm32l152xe.o(RESET) refers to stm32l1xx_it.o(i.NMI_Handler) for NMI_Handler
    startup_stm32l152xe.o(RESET) refers to stm32l1xx_it.o(i.HardFault_Handler) for HardFault_Handler
    startup_stm32l152xe.o(RESET) refers to stm32l1xx_it.o(i.MemManage_Handler) for MemManage_Handler
    startup_stm32l152xe.o(RESET) refers to stm32l1xx_it.o(i.BusFault_Handler) for BusFault_Handler
    startup_stm32l152xe.o(RESET) refers to stm32l1xx_it.o(i.UsageFault_Handler) for UsageFault_Handler
    startup_stm32l152xe.o(RESET) refers to stm32l1xx_it.o(i.SVC_Handler) for SVC_Handler
    startup_stm32l152xe.o(RESET) refers to stm32l1xx_it.o(i.DebugMon_Handler) for DebugMon_Handler
    startup_stm32l152xe.o(RESET) refers to stm32l1xx_it.o(i.PendSV_Handler) for PendSV_Handler
    startup_stm32l152xe.o(RESET) refers to stm32l1xx_it.o(i.SysTick_Handler) for SysTick_Handler
    startup_stm32l152xe.o(.text) refers to system_stm32l1xx.o(i.SystemInit) for SystemInit
    startup_stm32l152xe.o(.text) refers to entry.o(.ARM.Collect$$$$00000000) for __main
    stm32l1xx_it.o(i.SysTick_Handler) refers to stm32l1xx_hal.o(i.HAL_IncTick) for HAL_IncTick
    main.o(i.SystemClock_Config) refers to memseta.o(.text) for __aeabi_memclr4
    main.o(i.SystemClock_Config) refers to stm32l1xx_hal_rcc.o(i.HAL_RCC_OscConfig) for HAL_RCC_OscConfig
    main.o(i.SystemClock_Config) refers to stm32l1xx_hal_rcc.o(i.HAL_RCC_ClockConfig) for HAL_RCC_ClockConfig
    main.o(i.main) refers to stm32l1xx_hal.o(i.HAL_Init) for HAL_Init
    main.o(i.main) refers to main.o(i.SystemClock_Config) for SystemClock_Config
    main.o(i.main) refers to stm32l1xx_hal_gpio.o(i.HAL_GPIO_Init) for HAL_GPIO_Init
    main.o(i.main) refers to stm32l1xx_hal_gpio.o(i.HAL_GPIO_TogglePin) for HAL_GPIO_TogglePin
    main.o(i.main) refers to stm32l1xx_hal.o(i.HAL_Delay) for HAL_Delay
    main.o(i.main) refers to main.o(.bss) for .bss
    stm32l1xx_nucleo.o(i.BSP_LED_DeInit) refers to stm32l1xx_hal_gpio.o(i.HAL_GPIO_WritePin) for HAL_GPIO_WritePin
    stm32l1xx_nucleo.o(i.BSP_LED_DeInit) refers to stm32l1xx_hal_gpio.o(i.HAL_GPIO_DeInit) for HAL_GPIO_DeInit
    stm32l1xx_nucleo.o(i.BSP_LED_DeInit) refers to stm32l1xx_nucleo.o(.constdata) for .constdata
    stm32l1xx_nucleo.o(i.BSP_LED_DeInit) refers to stm32l1xx_nucleo.o(.data) for .data
    stm32l1xx_nucleo.o(i.BSP_LED_Init) refers to stm32l1xx_hal_gpio.o(i.HAL_GPIO_Init) for HAL_GPIO_Init
    stm32l1xx_nucleo.o(i.BSP_LED_Init) refers to stm32l1xx_hal_gpio.o(i.HAL_GPIO_WritePin) for HAL_GPIO_WritePin
    stm32l1xx_nucleo.o(i.BSP_LED_Init) refers to stm32l1xx_nucleo.o(.constdata) for .constdata
    stm32l1xx_nucleo.o(i.BSP_LED_Init) refers to stm32l1xx_nucleo.o(.data) for .data
    stm32l1xx_nucleo.o(i.BSP_LED_Off) refers to stm32l1xx_hal_gpio.o(i.HAL_GPIO_WritePin) for HAL_GPIO_WritePin
    stm32l1xx_nucleo.o(i.BSP_LED_Off) refers to stm32l1xx_nucleo.o(.constdata) for .constdata
    stm32l1xx_nucleo.o(i.BSP_LED_Off) refers to stm32l1xx_nucleo.o(.data) for .data
    stm32l1xx_nucleo.o(i.BSP_LED_On) refers to stm32l1xx_hal_gpio.o(i.HAL_GPIO_WritePin) for HAL_GPIO_WritePin
    stm32l1xx_nucleo.o(i.BSP_LED_On) refers to stm32l1xx_nucleo.o(.constdata) for .constdata
    stm32l1xx_nucleo.o(i.BSP_LED_On) refers to stm32l1xx_nucleo.o(.data) for .data
    stm32l1xx_nucleo.o(i.BSP_LED_Toggle) refers to stm32l1xx_hal_gpio.o(i.HAL_GPIO_TogglePin) for HAL_GPIO_TogglePin
    stm32l1xx_nucleo.o(i.BSP_LED_Toggle) refers to stm32l1xx_nucleo.o(.constdata) for .constdata
    stm32l1xx_nucleo.o(i.BSP_LED_Toggle) refers to stm32l1xx_nucleo.o(.data) for .data
    stm32l1xx_nucleo.o(i.BSP_PB_DeInit) refers to stm32l1xx_hal_cortex.o(i.HAL_NVIC_DisableIRQ) for HAL_NVIC_DisableIRQ
    stm32l1xx_nucleo.o(i.BSP_PB_DeInit) refers to stm32l1xx_hal_gpio.o(i.HAL_GPIO_DeInit) for HAL_GPIO_DeInit
    stm32l1xx_nucleo.o(i.BSP_PB_DeInit) refers to stm32l1xx_nucleo.o(.constdata) for .constdata
    stm32l1xx_nucleo.o(i.BSP_PB_DeInit) refers to stm32l1xx_nucleo.o(.data) for .data
    stm32l1xx_nucleo.o(i.BSP_PB_GetState) refers to stm32l1xx_hal_gpio.o(i.HAL_GPIO_ReadPin) for HAL_GPIO_ReadPin
    stm32l1xx_nucleo.o(i.BSP_PB_GetState) refers to stm32l1xx_nucleo.o(.constdata) for .constdata
    stm32l1xx_nucleo.o(i.BSP_PB_GetState) refers to stm32l1xx_nucleo.o(.data) for .data
    stm32l1xx_nucleo.o(i.BSP_PB_Init) refers to stm32l1xx_hal_gpio.o(i.HAL_GPIO_Init) for HAL_GPIO_Init
    stm32l1xx_nucleo.o(i.BSP_PB_Init) refers to stm32l1xx_hal_cortex.o(i.HAL_NVIC_SetPriority) for HAL_NVIC_SetPriority
    stm32l1xx_nucleo.o(i.BSP_PB_Init) refers to stm32l1xx_hal_cortex.o(i.HAL_NVIC_EnableIRQ) for HAL_NVIC_EnableIRQ
    stm32l1xx_nucleo.o(i.BSP_PB_Init) refers to stm32l1xx_nucleo.o(.constdata) for .constdata
    stm32l1xx_nucleo.o(i.BSP_PB_Init) refers to stm32l1xx_nucleo.o(.data) for .data
    stm32l1xx_hal_pwr.o(i.HAL_PWR_PVD_IRQHandler) refers to stm32l1xx_hal_pwr.o(i.HAL_PWR_PVDCallback) for HAL_PWR_PVDCallback
    stm32l1xx_hal_cortex.o(i.HAL_NVIC_SetPriority) refers to stm32l1xx_hal_cortex.o(i.__NVIC_SetPriority) for __NVIC_SetPriority
    stm32l1xx_hal_cortex.o(i.HAL_SYSTICK_Config) refers to stm32l1xx_hal_cortex.o(i.__NVIC_SetPriority) for __NVIC_SetPriority
    stm32l1xx_hal_cortex.o(i.HAL_SYSTICK_IRQHandler) refers to stm32l1xx_hal_cortex.o(i.HAL_SYSTICK_Callback) for HAL_SYSTICK_Callback
    stm32l1xx_hal.o(i.HAL_DeInit) refers to stm32l1xx_hal.o(i.HAL_MspDeInit) for HAL_MspDeInit
    stm32l1xx_hal.o(i.HAL_Delay) refers to stm32l1xx_hal.o(i.HAL_GetTick) for HAL_GetTick
    stm32l1xx_hal.o(i.HAL_Delay) refers to stm32l1xx_hal.o(.data) for .data
    stm32l1xx_hal.o(i.HAL_GetTick) refers to stm32l1xx_hal.o(.data) for .data
    stm32l1xx_hal.o(i.HAL_GetTickFreq) refers to stm32l1xx_hal.o(.data) for .data
    stm32l1xx_hal.o(i.HAL_GetTickPrio) refers to stm32l1xx_hal.o(.data) for .data
    stm32l1xx_hal.o(i.HAL_IncTick) refers to stm32l1xx_hal.o(.data) for .data
    stm32l1xx_hal.o(i.HAL_Init) refers to stm32l1xx_hal_cortex.o(i.HAL_NVIC_SetPriorityGrouping) for HAL_NVIC_SetPriorityGrouping
    stm32l1xx_hal.o(i.HAL_Init) refers to stm32l1xx_hal.o(i.HAL_InitTick) for HAL_InitTick
    stm32l1xx_hal.o(i.HAL_Init) refers to stm32l1xx_hal.o(i.HAL_MspInit) for HAL_MspInit
    stm32l1xx_hal.o(i.HAL_InitTick) refers to stm32l1xx_hal_cortex.o(i.HAL_SYSTICK_Config) for HAL_SYSTICK_Config
    stm32l1xx_hal.o(i.HAL_InitTick) refers to stm32l1xx_hal_cortex.o(i.HAL_NVIC_SetPriority) for HAL_NVIC_SetPriority
    stm32l1xx_hal.o(i.HAL_InitTick) refers to stm32l1xx_hal.o(.data) for .data
    stm32l1xx_hal.o(i.HAL_InitTick) refers to system_stm32l1xx.o(.data) for SystemCoreClock
    stm32l1xx_hal.o(i.HAL_SetTickFreq) refers to stm32l1xx_hal.o(i.HAL_InitTick) for HAL_InitTick
    stm32l1xx_hal.o(i.HAL_SetTickFreq) refers to stm32l1xx_hal.o(.data) for .data
    stm32l1xx_hal_rcc_ex.o(i.HAL_RCCEx_LSECSS_IRQHandler) refers to stm32l1xx_hal_rcc_ex.o(i.HAL_RCCEx_LSECSS_Callback) for HAL_RCCEx_LSECSS_Callback
    stm32l1xx_hal_rcc_ex.o(i.HAL_RCCEx_PeriphCLKConfig) refers to stm32l1xx_hal.o(i.HAL_GetTick) for HAL_GetTick
    stm32l1xx_hal_gpio.o(i.HAL_GPIO_EXTI_IRQHandler) refers to stm32l1xx_hal_gpio.o(i.HAL_GPIO_EXTI_Callback) for HAL_GPIO_EXTI_Callback
    stm32l1xx_hal_rcc.o(i.HAL_RCC_ClockConfig) refers to stm32l1xx_hal.o(i.HAL_GetTick) for HAL_GetTick
    stm32l1xx_hal_rcc.o(i.HAL_RCC_ClockConfig) refers to stm32l1xx_hal_rcc.o(i.HAL_RCC_GetSysClockFreq) for HAL_RCC_GetSysClockFreq
    stm32l1xx_hal_rcc.o(i.HAL_RCC_ClockConfig) refers to stm32l1xx_hal.o(i.HAL_InitTick) for HAL_InitTick
    stm32l1xx_hal_rcc.o(i.HAL_RCC_ClockConfig) refers to system_stm32l1xx.o(.constdata) for AHBPrescTable
    stm32l1xx_hal_rcc.o(i.HAL_RCC_ClockConfig) refers to system_stm32l1xx.o(.data) for SystemCoreClock
    stm32l1xx_hal_rcc.o(i.HAL_RCC_ClockConfig) refers to stm32l1xx_hal.o(.data) for uwTickPrio
    stm32l1xx_hal_rcc.o(i.HAL_RCC_DeInit) refers to stm32l1xx_hal.o(i.HAL_GetTick) for HAL_GetTick
    stm32l1xx_hal_rcc.o(i.HAL_RCC_DeInit) refers to stm32l1xx_hal.o(i.HAL_InitTick) for HAL_InitTick
    stm32l1xx_hal_rcc.o(i.HAL_RCC_DeInit) refers to system_stm32l1xx.o(.data) for SystemCoreClock
    stm32l1xx_hal_rcc.o(i.HAL_RCC_DeInit) refers to stm32l1xx_hal.o(.data) for uwTickPrio
    stm32l1xx_hal_rcc.o(i.HAL_RCC_GetHCLKFreq) refers to system_stm32l1xx.o(.data) for SystemCoreClock
    stm32l1xx_hal_rcc.o(i.HAL_RCC_GetPCLK1Freq) refers to system_stm32l1xx.o(.data) for SystemCoreClock
    stm32l1xx_hal_rcc.o(i.HAL_RCC_GetPCLK1Freq) refers to system_stm32l1xx.o(.constdata) for APBPrescTable
    stm32l1xx_hal_rcc.o(i.HAL_RCC_GetPCLK2Freq) refers to system_stm32l1xx.o(.data) for SystemCoreClock
    stm32l1xx_hal_rcc.o(i.HAL_RCC_GetPCLK2Freq) refers to system_stm32l1xx.o(.constdata) for APBPrescTable
    stm32l1xx_hal_rcc.o(i.HAL_RCC_GetSysClockFreq) refers to system_stm32l1xx.o(.constdata) for PLLMulTable
    stm32l1xx_hal_rcc.o(i.HAL_RCC_MCOConfig) refers to stm32l1xx_hal_gpio.o(i.HAL_GPIO_Init) for HAL_GPIO_Init
    stm32l1xx_hal_rcc.o(i.HAL_RCC_NMI_IRQHandler) refers to stm32l1xx_hal_rcc.o(i.HAL_RCC_CSSCallback) for HAL_RCC_CSSCallback
    stm32l1xx_hal_rcc.o(i.HAL_RCC_OscConfig) refers to stm32l1xx_hal.o(i.HAL_GetTick) for HAL_GetTick
    stm32l1xx_hal_rcc.o(i.HAL_RCC_OscConfig) refers to stm32l1xx_hal_rcc.o(i.RCC_SetFlashLatencyFromMSIRange) for RCC_SetFlashLatencyFromMSIRange
    stm32l1xx_hal_rcc.o(i.HAL_RCC_OscConfig) refers to stm32l1xx_hal.o(i.HAL_InitTick) for HAL_InitTick
    stm32l1xx_hal_rcc.o(i.HAL_RCC_OscConfig) refers to system_stm32l1xx.o(.constdata) for AHBPrescTable
    stm32l1xx_hal_rcc.o(i.HAL_RCC_OscConfig) refers to system_stm32l1xx.o(.data) for SystemCoreClock
    stm32l1xx_hal_rcc.o(i.HAL_RCC_OscConfig) refers to stm32l1xx_hal.o(.data) for uwTickPrio
    entry.o(.ARM.Collect$$$$00000000) refers (Special) to entry10a.o(.ARM.Collect$$$$0000000D) for __rt_final_cpp
    entry.o(.ARM.Collect$$$$00000000) refers (Special) to entry11a.o(.ARM.Collect$$$$0000000F) for __rt_final_exit
    entry.o(.ARM.Collect$$$$00000000) refers (Special) to entry7b.o(.ARM.Collect$$$$00000008) for _main_clock
    entry.o(.ARM.Collect$$$$00000000) refers (Special) to entry8b.o(.ARM.Collect$$$$0000000A) for _main_cpp_init
    entry.o(.ARM.Collect$$$$00000000) refers (Special) to entry9a.o(.ARM.Collect$$$$0000000B) for _main_init
    entry.o(.ARM.Collect$$$$00000000) refers (Special) to entry5.o(.ARM.Collect$$$$00000004) for _main_scatterload
    entry.o(.ARM.Collect$$$$00000000) refers (Special) to entry2.o(.ARM.Collect$$$$00000001) for _main_stk
    entry2.o(.ARM.Collect$$$$00000001) refers to entry2.o(.ARM.Collect$$$$00002712) for __lit__00000000
    entry2.o(.ARM.Collect$$$$00002712) refers to startup_stm32l152xe.o(STACK) for __initial_sp
    entry2.o(__vectab_stack_and_reset_area) refers to startup_stm32l152xe.o(STACK) for __initial_sp
    entry2.o(__vectab_stack_and_reset_area) refers to entry.o(.ARM.Collect$$$$00000000) for __main
    entry5.o(.ARM.Collect$$$$00000004) refers to init.o(.text) for __scatterload
    entry9a.o(.ARM.Collect$$$$0000000B) refers to main.o(i.main) for main
    entry9b.o(.ARM.Collect$$$$0000000C) refers to main.o(i.main) for main
    init.o(.text) refers to entry5.o(.ARM.Collect$$$$00000004) for __main_after_scatterload


==============================================================================

Removing Unused input sections from the image.

    Removing system_stm32l1xx.o(.rev16_text), (4 bytes).
    Removing system_stm32l1xx.o(.revsh_text), (4 bytes).
    Removing system_stm32l1xx.o(.rrx_text), (6 bytes).
    Removing system_stm32l1xx.o(i.SystemCoreClockUpdate), (144 bytes).
    Removing system_stm32l1xx.o(.constdata), (8 bytes).
    Removing startup_stm32l152xe.o(HEAP), (512 bytes).
    Removing stm32l1xx_it.o(.rev16_text), (4 bytes).
    Removing stm32l1xx_it.o(.revsh_text), (4 bytes).
    Removing stm32l1xx_it.o(.rrx_text), (6 bytes).
    Removing main.o(.rev16_text), (4 bytes).
    Removing main.o(.revsh_text), (4 bytes).
    Removing main.o(.rrx_text), (6 bytes).
    Removing stm32l1xx_nucleo.o(.rev16_text), (4 bytes).
    Removing stm32l1xx_nucleo.o(.revsh_text), (4 bytes).
    Removing stm32l1xx_nucleo.o(.rrx_text), (6 bytes).
    Removing stm32l1xx_nucleo.o(i.BSP_GetVersion), (8 bytes).
    Removing stm32l1xx_nucleo.o(i.BSP_LED_DeInit), (48 bytes).
    Removing stm32l1xx_nucleo.o(i.BSP_LED_Init), (88 bytes).
    Removing stm32l1xx_nucleo.o(i.BSP_LED_Off), (28 bytes).
    Removing stm32l1xx_nucleo.o(i.BSP_LED_On), (28 bytes).
    Removing stm32l1xx_nucleo.o(i.BSP_LED_Toggle), (24 bytes).
    Removing stm32l1xx_nucleo.o(i.BSP_PB_DeInit), (44 bytes).
    Removing stm32l1xx_nucleo.o(i.BSP_PB_GetState), (24 bytes).
    Removing stm32l1xx_nucleo.o(i.BSP_PB_Init), (120 bytes).
    Removing stm32l1xx_nucleo.o(.constdata), (6 bytes).
    Removing stm32l1xx_nucleo.o(.data), (8 bytes).
    Removing stm32l1xx_hal_pwr_ex.o(.rev16_text), (4 bytes).
    Removing stm32l1xx_hal_pwr_ex.o(.revsh_text), (4 bytes).
    Removing stm32l1xx_hal_pwr_ex.o(.rrx_text), (6 bytes).
    Removing stm32l1xx_hal_pwr_ex.o(i.HAL_PWREx_DisableFastWakeUp), (28 bytes).
    Removing stm32l1xx_hal_pwr_ex.o(i.HAL_PWREx_DisableLowPowerRunMode), (44 bytes).
    Removing stm32l1xx_hal_pwr_ex.o(i.HAL_PWREx_DisableUltraLowPower), (28 bytes).
    Removing stm32l1xx_hal_pwr_ex.o(i.HAL_PWREx_EnableFastWakeUp), (24 bytes).
    Removing stm32l1xx_hal_pwr_ex.o(i.HAL_PWREx_EnableLowPowerRunMode), (36 bytes).
    Removing stm32l1xx_hal_pwr_ex.o(i.HAL_PWREx_EnableUltraLowPower), (24 bytes).
    Removing stm32l1xx_hal_pwr_ex.o(i.HAL_PWREx_GetVoltageRange), (16 bytes).
    Removing stm32l1xx_hal_pwr.o(.rev16_text), (4 bytes).
    Removing stm32l1xx_hal_pwr.o(.revsh_text), (4 bytes).
    Removing stm32l1xx_hal_pwr.o(.rrx_text), (6 bytes).
    Removing stm32l1xx_hal_pwr.o(i.HAL_PWR_ConfigPVD), (124 bytes).
    Removing stm32l1xx_hal_pwr.o(i.HAL_PWR_DeInit), (24 bytes).
    Removing stm32l1xx_hal_pwr.o(i.HAL_PWR_DisableBkUpAccess), (28 bytes).
    Removing stm32l1xx_hal_pwr.o(i.HAL_PWR_DisablePVD), (24 bytes).
    Removing stm32l1xx_hal_pwr.o(i.HAL_PWR_DisableSEVOnPend), (16 bytes).
    Removing stm32l1xx_hal_pwr.o(i.HAL_PWR_DisableSleepOnExit), (16 bytes).
    Removing stm32l1xx_hal_pwr.o(i.HAL_PWR_DisableWakeUpPin), (28 bytes).
    Removing stm32l1xx_hal_pwr.o(i.HAL_PWR_EnableBkUpAccess), (24 bytes).
    Removing stm32l1xx_hal_pwr.o(i.HAL_PWR_EnablePVD), (24 bytes).
    Removing stm32l1xx_hal_pwr.o(i.HAL_PWR_EnableSEVOnPend), (16 bytes).
    Removing stm32l1xx_hal_pwr.o(i.HAL_PWR_EnableSleepOnExit), (16 bytes).
    Removing stm32l1xx_hal_pwr.o(i.HAL_PWR_EnableWakeUpPin), (28 bytes).
    Removing stm32l1xx_hal_pwr.o(i.HAL_PWR_EnterSLEEPMode), (48 bytes).
    Removing stm32l1xx_hal_pwr.o(i.HAL_PWR_EnterSTANDBYMode), (32 bytes).
    Removing stm32l1xx_hal_pwr.o(i.HAL_PWR_EnterSTOPMode), (56 bytes).
    Removing stm32l1xx_hal_pwr.o(i.HAL_PWR_PVDCallback), (2 bytes).
    Removing stm32l1xx_hal_pwr.o(i.HAL_PWR_PVD_IRQHandler), (28 bytes).
    Removing stm32l1xx_hal_cortex.o(.rev16_text), (4 bytes).
    Removing stm32l1xx_hal_cortex.o(.revsh_text), (4 bytes).
    Removing stm32l1xx_hal_cortex.o(.rrx_text), (6 bytes).
    Removing stm32l1xx_hal_cortex.o(i.HAL_MPU_ConfigRegion), (84 bytes).
    Removing stm32l1xx_hal_cortex.o(i.HAL_MPU_Disable), (16 bytes).
    Removing stm32l1xx_hal_cortex.o(i.HAL_MPU_Enable), (24 bytes).
    Removing stm32l1xx_hal_cortex.o(i.HAL_NVIC_ClearPendingIRQ), (26 bytes).
    Removing stm32l1xx_hal_cortex.o(i.HAL_NVIC_DisableIRQ), (34 bytes).
    Removing stm32l1xx_hal_cortex.o(i.HAL_NVIC_EnableIRQ), (26 bytes).
    Removing stm32l1xx_hal_cortex.o(i.HAL_NVIC_GetActive), (36 bytes).
    Removing stm32l1xx_hal_cortex.o(i.HAL_NVIC_GetPendingIRQ), (36 bytes).
    Removing stm32l1xx_hal_cortex.o(i.HAL_NVIC_GetPriority), (82 bytes).
    Removing stm32l1xx_hal_cortex.o(i.HAL_NVIC_GetPriorityGrouping), (16 bytes).
    Removing stm32l1xx_hal_cortex.o(i.HAL_NVIC_SetPendingIRQ), (26 bytes).
    Removing stm32l1xx_hal_cortex.o(i.HAL_NVIC_SystemReset), (36 bytes).
    Removing stm32l1xx_hal_cortex.o(i.HAL_SYSTICK_CLKSourceConfig), (24 bytes).
    Removing stm32l1xx_hal_cortex.o(i.HAL_SYSTICK_Callback), (2 bytes).
    Removing stm32l1xx_hal_cortex.o(i.HAL_SYSTICK_IRQHandler), (8 bytes).
    Removing stm32l1xx_hal.o(.rev16_text), (4 bytes).
    Removing stm32l1xx_hal.o(.revsh_text), (4 bytes).
    Removing stm32l1xx_hal.o(.rrx_text), (6 bytes).
    Removing stm32l1xx_hal.o(i.HAL_DBGMCU_DisableDBGSleepMode), (16 bytes).
    Removing stm32l1xx_hal.o(i.HAL_DBGMCU_DisableDBGStandbyMode), (16 bytes).
    Removing stm32l1xx_hal.o(i.HAL_DBGMCU_DisableDBGStopMode), (16 bytes).
    Removing stm32l1xx_hal.o(i.HAL_DBGMCU_EnableDBGSleepMode), (16 bytes).
    Removing stm32l1xx_hal.o(i.HAL_DBGMCU_EnableDBGStandbyMode), (16 bytes).
    Removing stm32l1xx_hal.o(i.HAL_DBGMCU_EnableDBGStopMode), (16 bytes).
    Removing stm32l1xx_hal.o(i.HAL_DeInit), (40 bytes).
    Removing stm32l1xx_hal.o(i.HAL_GetDEVID), (16 bytes).
    Removing stm32l1xx_hal.o(i.HAL_GetHalVersion), (6 bytes).
    Removing stm32l1xx_hal.o(i.HAL_GetREVID), (12 bytes).
    Removing stm32l1xx_hal.o(i.HAL_GetTickFreq), (12 bytes).
    Removing stm32l1xx_hal.o(i.HAL_GetTickPrio), (12 bytes).
    Removing stm32l1xx_hal.o(i.HAL_GetUIDw0), (12 bytes).
    Removing stm32l1xx_hal.o(i.HAL_GetUIDw1), (12 bytes).
    Removing stm32l1xx_hal.o(i.HAL_GetUIDw2), (12 bytes).
    Removing stm32l1xx_hal.o(i.HAL_MspDeInit), (2 bytes).
    Removing stm32l1xx_hal.o(i.HAL_ResumeTick), (14 bytes).
    Removing stm32l1xx_hal.o(i.HAL_SetTickFreq), (32 bytes).
    Removing stm32l1xx_hal.o(i.HAL_SuspendTick), (14 bytes).
    Removing stm32l1xx_hal_rcc_ex.o(.rev16_text), (4 bytes).
    Removing stm32l1xx_hal_rcc_ex.o(.revsh_text), (4 bytes).
    Removing stm32l1xx_hal_rcc_ex.o(.rrx_text), (6 bytes).
    Removing stm32l1xx_hal_rcc_ex.o(i.HAL_RCCEx_DisableLSECSS), (28 bytes).
    Removing stm32l1xx_hal_rcc_ex.o(i.HAL_RCCEx_EnableLSECSS), (12 bytes).
    Removing stm32l1xx_hal_rcc_ex.o(i.HAL_RCCEx_EnableLSECSS_IT), (52 bytes).
    Removing stm32l1xx_hal_rcc_ex.o(i.HAL_RCCEx_GetPeriphCLKConfig), (44 bytes).
    Removing stm32l1xx_hal_rcc_ex.o(i.HAL_RCCEx_GetPeriphCLKFreq), (132 bytes).
    Removing stm32l1xx_hal_rcc_ex.o(i.HAL_RCCEx_LSECSS_Callback), (2 bytes).
    Removing stm32l1xx_hal_rcc_ex.o(i.HAL_RCCEx_LSECSS_IRQHandler), (28 bytes).
    Removing stm32l1xx_hal_rcc_ex.o(i.HAL_RCCEx_PeriphCLKConfig), (316 bytes).
    Removing stm32l1xx_hal_gpio.o(.rev16_text), (4 bytes).
    Removing stm32l1xx_hal_gpio.o(.revsh_text), (4 bytes).
    Removing stm32l1xx_hal_gpio.o(.rrx_text), (6 bytes).
    Removing stm32l1xx_hal_gpio.o(i.HAL_GPIO_DeInit), (356 bytes).
    Removing stm32l1xx_hal_gpio.o(i.HAL_GPIO_EXTI_Callback), (2 bytes).
    Removing stm32l1xx_hal_gpio.o(i.HAL_GPIO_EXTI_IRQHandler), (24 bytes).
    Removing stm32l1xx_hal_gpio.o(i.HAL_GPIO_LockPin), (34 bytes).
    Removing stm32l1xx_hal_gpio.o(i.HAL_GPIO_ReadPin), (10 bytes).
    Removing stm32l1xx_hal_gpio.o(i.HAL_GPIO_WritePin), (10 bytes).
    Removing stm32l1xx_hal_rcc.o(.rev16_text), (4 bytes).
    Removing stm32l1xx_hal_rcc.o(.revsh_text), (4 bytes).
    Removing stm32l1xx_hal_rcc.o(.rrx_text), (6 bytes).
    Removing stm32l1xx_hal_rcc.o(i.HAL_RCC_CSSCallback), (2 bytes).
    Removing stm32l1xx_hal_rcc.o(i.HAL_RCC_DeInit), (208 bytes).
    Removing stm32l1xx_hal_rcc.o(i.HAL_RCC_DisableCSS), (12 bytes).
    Removing stm32l1xx_hal_rcc.o(i.HAL_RCC_EnableCSS), (12 bytes).
    Removing stm32l1xx_hal_rcc.o(i.HAL_RCC_GetClockConfig), (64 bytes).
    Removing stm32l1xx_hal_rcc.o(i.HAL_RCC_GetHCLKFreq), (12 bytes).
    Removing stm32l1xx_hal_rcc.o(i.HAL_RCC_GetOscConfig), (180 bytes).
    Removing stm32l1xx_hal_rcc.o(i.HAL_RCC_GetPCLK1Freq), (32 bytes).
    Removing stm32l1xx_hal_rcc.o(i.HAL_RCC_GetPCLK2Freq), (32 bytes).
    Removing stm32l1xx_hal_rcc.o(i.HAL_RCC_MCOConfig), (80 bytes).
    Removing stm32l1xx_hal_rcc.o(i.HAL_RCC_NMI_IRQHandler), (28 bytes).

130 unused section(s) (total 4458 bytes) removed from the image.

==============================================================================

Image Symbol Table

    Local Symbols

    Symbol Name                              Value     Ov Type        Size  Object(Section)

    ../clib/microlib/init/entry.s            0x00000000   Number         0  entry8b.o ABSOLUTE
    ../clib/microlib/init/entry.s            0x00000000   Number         0  entry9b.o ABSOLUTE
    ../clib/microlib/init/entry.s            0x00000000   Number         0  entry9a.o ABSOLUTE
    ../clib/microlib/init/entry.s            0x00000000   Number         0  entry10b.o ABSOLUTE
    ../clib/microlib/init/entry.s            0x00000000   Number         0  entry10a.o ABSOLUTE
    ../clib/microlib/init/entry.s            0x00000000   Number         0  entry.o ABSOLUTE
    ../clib/microlib/init/entry.s            0x00000000   Number         0  entry8a.o ABSOLUTE
    ../clib/microlib/init/entry.s            0x00000000   Number         0  entry7b.o ABSOLUTE
    ../clib/microlib/init/entry.s            0x00000000   Number         0  entry7a.o ABSOLUTE
    ../clib/microlib/init/entry.s            0x00000000   Number         0  entry5.o ABSOLUTE
    ../clib/microlib/init/entry.s            0x00000000   Number         0  entry2.o ABSOLUTE
    ../clib/microlib/init/entry.s            0x00000000   Number         0  entry11a.o ABSOLUTE
    ../clib/microlib/init/entry.s            0x00000000   Number         0  entry11b.o ABSOLUTE
    ../clib/microlib/string/memset.c         0x00000000   Number         0  memseta.o ABSOLUTE
    ..\..\..\..\..\..\Drivers\BSP\STM32L1xx_Nucleo\stm32l1xx_nucleo.c 0x00000000   Number         0  stm32l1xx_nucleo.o ABSOLUTE
    ..\..\..\..\..\..\Drivers\STM32L1xx_HAL_Driver\Src\stm32l1xx_hal.c 0x00000000   Number         0  stm32l1xx_hal.o ABSOLUTE
    ..\..\..\..\..\..\Drivers\STM32L1xx_HAL_Driver\Src\stm32l1xx_hal_cortex.c 0x00000000   Number         0  stm32l1xx_hal_cortex.o ABSOLUTE
    ..\..\..\..\..\..\Drivers\STM32L1xx_HAL_Driver\Src\stm32l1xx_hal_gpio.c 0x00000000   Number         0  stm32l1xx_hal_gpio.o ABSOLUTE
    ..\..\..\..\..\..\Drivers\STM32L1xx_HAL_Driver\Src\stm32l1xx_hal_pwr.c 0x00000000   Number         0  stm32l1xx_hal_pwr.o ABSOLUTE
    ..\..\..\..\..\..\Drivers\STM32L1xx_HAL_Driver\Src\stm32l1xx_hal_pwr_ex.c 0x00000000   Number         0  stm32l1xx_hal_pwr_ex.o ABSOLUTE
    ..\..\..\..\..\..\Drivers\STM32L1xx_HAL_Driver\Src\stm32l1xx_hal_rcc.c 0x00000000   Number         0  stm32l1xx_hal_rcc.o ABSOLUTE
    ..\..\..\..\..\..\Drivers\STM32L1xx_HAL_Driver\Src\stm32l1xx_hal_rcc_ex.c 0x00000000   Number         0  stm32l1xx_hal_rcc_ex.o ABSOLUTE
    ..\Src\main.c                            0x00000000   Number         0  main.o ABSOLUTE
    ..\Src\stm32l1xx_it.c                    0x00000000   Number         0  stm32l1xx_it.o ABSOLUTE
    ..\Src\system_stm32l1xx.c                0x00000000   Number         0  system_stm32l1xx.o ABSOLUTE
    ..\\..\\..\\..\\..\\..\\Drivers\\BSP\\STM32L1xx_Nucleo\\stm32l1xx_nucleo.c 0x00000000   Number         0  stm32l1xx_nucleo.o ABSOLUTE
    ..\\..\\..\\..\\..\\..\\Drivers\\STM32L1xx_HAL_Driver\\Src\\stm32l1xx_hal.c 0x00000000   Number         0  stm32l1xx_hal.o ABSOLUTE
    ..\\..\\..\\..\\..\\..\\Drivers\\STM32L1xx_HAL_Driver\\Src\\stm32l1xx_hal_cortex.c 0x00000000   Number         0  stm32l1xx_hal_cortex.o ABSOLUTE
    ..\\..\\..\\..\\..\\..\\Drivers\\STM32L1xx_HAL_Driver\\Src\\stm32l1xx_hal_gpio.c 0x00000000   Number         0  stm32l1xx_hal_gpio.o ABSOLUTE
    ..\\..\\..\\..\\..\\..\\Drivers\\STM32L1xx_HAL_Driver\\Src\\stm32l1xx_hal_pwr.c 0x00000000   Number         0  stm32l1xx_hal_pwr.o ABSOLUTE
    ..\\..\\..\\..\\..\\..\\Drivers\\STM32L1xx_HAL_Driver\\Src\\stm32l1xx_hal_pwr_ex.c 0x00000000   Number         0  stm32l1xx_hal_pwr_ex.o ABSOLUTE
    ..\\..\\..\\..\\..\\..\\Drivers\\STM32L1xx_HAL_Driver\\Src\\stm32l1xx_hal_rcc.c 0x00000000   Number         0  stm32l1xx_hal_rcc.o ABSOLUTE
    ..\\..\\..\\..\\..\\..\\Drivers\\STM32L1xx_HAL_Driver\\Src\\stm32l1xx_hal_rcc_ex.c 0x00000000   Number         0  stm32l1xx_hal_rcc_ex.o ABSOLUTE
    ..\\Src\\main.c                          0x00000000   Number         0  main.o ABSOLUTE
    ..\\Src\\stm32l1xx_it.c                  0x00000000   Number         0  stm32l1xx_it.o ABSOLUTE
    ..\\Src\\system_stm32l1xx.c              0x00000000   Number         0  system_stm32l1xx.o ABSOLUTE
    dc.s                                     0x00000000   Number         0  dc.o ABSOLUTE
    handlers.s                               0x00000000   Number         0  handlers.o ABSOLUTE
    init.s                                   0x00000000   Number         0  init.o ABSOLUTE
    startup_stm32l152xe.s                    0x00000000   Number         0  startup_stm32l152xe.o ABSOLUTE
    RESET                                    0x08000000   Section      292  startup_stm32l152xe.o(RESET)
    .ARM.Collect$$$$00000000                 0x08000124   Section        0  entry.o(.ARM.Collect$$$$00000000)
    .ARM.Collect$$$$00000001                 0x08000124   Section        4  entry2.o(.ARM.Collect$$$$00000001)
    .ARM.Collect$$$$00000004                 0x08000128   Section        4  entry5.o(.ARM.Collect$$$$00000004)
    .ARM.Collect$$$$00000008                 0x0800012c   Section        0  entry7b.o(.ARM.Collect$$$$00000008)
    .ARM.Collect$$$$0000000A                 0x0800012c   Section        0  entry8b.o(.ARM.Collect$$$$0000000A)
    .ARM.Collect$$$$0000000B                 0x0800012c   Section        8  entry9a.o(.ARM.Collect$$$$0000000B)
    .ARM.Collect$$$$0000000D                 0x08000134   Section        0  entry10a.o(.ARM.Collect$$$$0000000D)
    .ARM.Collect$$$$0000000F                 0x08000134   Section        0  entry11a.o(.ARM.Collect$$$$0000000F)
    .ARM.Collect$$$$00002712                 0x08000134   Section        4  entry2.o(.ARM.Collect$$$$00002712)
    __lit__00000000                          0x08000134   Data           4  entry2.o(.ARM.Collect$$$$00002712)
    .text                                    0x08000138   Section       36  startup_stm32l152xe.o(.text)
    .text                                    0x0800015c   Section        0  memseta.o(.text)
    .text                                    0x08000180   Section       36  init.o(.text)
    i.BusFault_Handler                       0x080001a4   Section        0  stm32l1xx_it.o(i.BusFault_Handler)
    i.DebugMon_Handler                       0x080001a6   Section        0  stm32l1xx_it.o(i.DebugMon_Handler)
    i.HAL_Delay                              0x080001a8   Section        0  stm32l1xx_hal.o(i.HAL_Delay)
    i.HAL_GPIO_Init                          0x080001cc   Section        0  stm32l1xx_hal_gpio.o(i.HAL_GPIO_Init)
    i.HAL_GPIO_TogglePin                     0x0800037c   Section        0  stm32l1xx_hal_gpio.o(i.HAL_GPIO_TogglePin)
    i.HAL_GetTick                            0x08000388   Section        0  stm32l1xx_hal.o(i.HAL_GetTick)
    i.HAL_IncTick                            0x08000394   Section        0  stm32l1xx_hal.o(i.HAL_IncTick)
    i.HAL_Init                               0x080003a4   Section        0  stm32l1xx_hal.o(i.HAL_Init)
    i.HAL_InitTick                           0x080003d8   Section        0  stm32l1xx_hal.o(i.HAL_InitTick)
    i.HAL_MspInit                            0x0800041c   Section        0  stm32l1xx_hal.o(i.HAL_MspInit)
    i.HAL_NVIC_SetPriority                   0x08000420   Section        0  stm32l1xx_hal_cortex.o(i.HAL_NVIC_SetPriority)
    i.HAL_NVIC_SetPriorityGrouping           0x08000460   Section        0  stm32l1xx_hal_cortex.o(i.HAL_NVIC_SetPriorityGrouping)
    i.HAL_RCC_ClockConfig                    0x08000484   Section        0  stm32l1xx_hal_rcc.o(i.HAL_RCC_ClockConfig)
    i.HAL_RCC_GetSysClockFreq                0x08000628   Section        0  stm32l1xx_hal_rcc.o(i.HAL_RCC_GetSysClockFreq)
    i.HAL_RCC_OscConfig                      0x08000688   Section        0  stm32l1xx_hal_rcc.o(i.HAL_RCC_OscConfig)
    i.HAL_SYSTICK_Config                     0x08000ab0   Section        0  stm32l1xx_hal_cortex.o(i.HAL_SYSTICK_Config)
    i.HardFault_Handler                      0x08000ad8   Section        0  stm32l1xx_it.o(i.HardFault_Handler)
    i.MemManage_Handler                      0x08000ada   Section        0  stm32l1xx_it.o(i.MemManage_Handler)
    i.NMI_Handler                            0x08000adc   Section        0  stm32l1xx_it.o(i.NMI_Handler)
    i.PendSV_Handler                         0x08000ade   Section        0  stm32l1xx_it.o(i.PendSV_Handler)
    i.RCC_SetFlashLatencyFromMSIRange        0x08000ae0   Section        0  stm32l1xx_hal_rcc.o(i.RCC_SetFlashLatencyFromMSIRange)
    RCC_SetFlashLatencyFromMSIRange          0x08000ae1   Thumb Code   116  stm32l1xx_hal_rcc.o(i.RCC_SetFlashLatencyFromMSIRange)
    i.SVC_Handler                            0x08000b60   Section        0  stm32l1xx_it.o(i.SVC_Handler)
    i.SysTick_Handler                        0x08000b62   Section        0  stm32l1xx_it.o(i.SysTick_Handler)
    i.SystemClock_Config                     0x08000b68   Section        0  main.o(i.SystemClock_Config)
    i.SystemInit                             0x08000bf0   Section        0  system_stm32l1xx.o(i.SystemInit)
    i.UsageFault_Handler                     0x08000c40   Section        0  stm32l1xx_it.o(i.UsageFault_Handler)
    i.__NVIC_SetPriority                     0x08000c42   Section        0  stm32l1xx_hal_cortex.o(i.__NVIC_SetPriority)
    __NVIC_SetPriority                       0x08000c43   Thumb Code    32  stm32l1xx_hal_cortex.o(i.__NVIC_SetPriority)
    i.__scatterload_copy                     0x08000c62   Section       14  handlers.o(i.__scatterload_copy)
    i.__scatterload_null                     0x08000c70   Section        2  handlers.o(i.__scatterload_null)
    i.__scatterload_zeroinit                 0x08000c72   Section       14  handlers.o(i.__scatterload_zeroinit)
    i.main                                   0x08000c80   Section        0  main.o(i.main)
    .constdata                               0x08000cd4   Section       25  system_stm32l1xx.o(.constdata)
    .data                                    0x20000000   Section        4  system_stm32l1xx.o(.data)
    .data                                    0x20000004   Section       12  stm32l1xx_hal.o(.data)
    .bss                                     0x20000010   Section       20  main.o(.bss)
    GPIO_InitStruct                          0x20000010   Data          20  main.o(.bss)
    STACK                                    0x20000028   Section     1024  startup_stm32l152xe.o(STACK)

    Global Symbols

    Symbol Name                              Value     Ov Type        Size  Object(Section)

    BuildAttributes$$THM_ISAv4$P$D$K$B$S$PE$A:L22UL41UL21$X:L11$S22US41US21$IEEE1$IW$USESV6$~STKCKD$USESV7$~SHL$OSPACE$EBA8$MICROLIB$REQ8$PRES8$EABIv2 0x00000000   Number         0  anon$$obj.o ABSOLUTE
    __ARM_use_no_argv                        0x00000000   Number         0  main.o ABSOLUTE
    __cpp_initialize__aeabi_                  - Undefined Weak Reference
    __cxa_finalize                            - Undefined Weak Reference
    __decompress                              - Undefined Weak Reference
    _clock_init                               - Undefined Weak Reference
    _microlib_exit                            - Undefined Weak Reference
    __Vectors_Size                           0x00000124   Number         0  startup_stm32l152xe.o ABSOLUTE
    __Vectors                                0x08000000   Data           4  startup_stm32l152xe.o(RESET)
    __Vectors_End                            0x08000124   Data           0  startup_stm32l152xe.o(RESET)
    __main                                   0x08000125   Thumb Code     0  entry.o(.ARM.Collect$$$$00000000)
    _main_stk                                0x08000125   Thumb Code     0  entry2.o(.ARM.Collect$$$$00000001)
    _main_scatterload                        0x08000129   Thumb Code     0  entry5.o(.ARM.Collect$$$$00000004)
    __main_after_scatterload                 0x0800012d   Thumb Code     0  entry5.o(.ARM.Collect$$$$00000004)
    _main_clock                              0x0800012d   Thumb Code     0  entry7b.o(.ARM.Collect$$$$00000008)
    _main_cpp_init                           0x0800012d   Thumb Code     0  entry8b.o(.ARM.Collect$$$$0000000A)
    _main_init                               0x0800012d   Thumb Code     0  entry9a.o(.ARM.Collect$$$$0000000B)
    __rt_final_cpp                           0x08000135   Thumb Code     0  entry10a.o(.ARM.Collect$$$$0000000D)
    __rt_final_exit                          0x08000135   Thumb Code     0  entry11a.o(.ARM.Collect$$$$0000000F)
    Reset_Handler                            0x08000139   Thumb Code     8  startup_stm32l152xe.o(.text)
    ADC1_IRQHandler                          0x08000153   Thumb Code     0  startup_stm32l152xe.o(.text)
    COMP_ACQ_IRQHandler                      0x08000153   Thumb Code     0  startup_stm32l152xe.o(.text)
    COMP_IRQHandler                          0x08000153   Thumb Code     0  startup_stm32l152xe.o(.text)
    DAC_IRQHandler                           0x08000153   Thumb Code     0  startup_stm32l152xe.o(.text)
    DMA1_Channel1_IRQHandler                 0x08000153   Thumb Code     0  startup_stm32l152xe.o(.text)
    DMA1_Channel2_IRQHandler                 0x08000153   Thumb Code     0  startup_stm32l152xe.o(.text)
    DMA1_Channel3_IRQHandler                 0x08000153   Thumb Code     0  startup_stm32l152xe.o(.text)
    DMA1_Channel4_IRQHandler                 0x08000153   Thumb Code     0  startup_stm32l152xe.o(.text)
    DMA1_Channel5_IRQHandler                 0x08000153   Thumb Code     0  startup_stm32l152xe.o(.text)
    DMA1_Channel6_IRQHandler                 0x08000153   Thumb Code     0  startup_stm32l152xe.o(.text)
    DMA1_Channel7_IRQHandler                 0x08000153   Thumb Code     0  startup_stm32l152xe.o(.text)
    DMA2_Channel1_IRQHandler                 0x08000153   Thumb Code     0  startup_stm32l152xe.o(.text)
    DMA2_Channel2_IRQHandler                 0x08000153   Thumb Code     0  startup_stm32l152xe.o(.text)
    DMA2_Channel3_IRQHandler                 0x08000153   Thumb Code     0  startup_stm32l152xe.o(.text)
    DMA2_Channel4_IRQHandler                 0x08000153   Thumb Code     0  startup_stm32l152xe.o(.text)
    DMA2_Channel5_IRQHandler                 0x08000153   Thumb Code     0  startup_stm32l152xe.o(.text)
    EXTI0_IRQHandler                         0x08000153   Thumb Code     0  startup_stm32l152xe.o(.text)
    EXTI15_10_IRQHandler                     0x08000153   Thumb Code     0  startup_stm32l152xe.o(.text)
    EXTI1_IRQHandler                         0x08000153   Thumb Code     0  startup_stm32l152xe.o(.text)
    EXTI2_IRQHandler                         0x08000153   Thumb Code     0  startup_stm32l152xe.o(.text)
    EXTI3_IRQHandler                         0x08000153   Thumb Code     0  startup_stm32l152xe.o(.text)
    EXTI4_IRQHandler                         0x08000153   Thumb Code     0  startup_stm32l152xe.o(.text)
    EXTI9_5_IRQHandler                       0x08000153   Thumb Code     0  startup_stm32l152xe.o(.text)
    FLASH_IRQHandler                         0x08000153   Thumb Code     0  startup_stm32l152xe.o(.text)
    I2C1_ER_IRQHandler                       0x08000153   Thumb Code     0  startup_stm32l152xe.o(.text)
    I2C1_EV_IRQHandler                       0x08000153   Thumb Code     0  startup_stm32l152xe.o(.text)
    I2C2_ER_IRQHandler                       0x08000153   Thumb Code     0  startup_stm32l152xe.o(.text)
    I2C2_EV_IRQHandler                       0x08000153   Thumb Code     0  startup_stm32l152xe.o(.text)
    LCD_IRQHandler                           0x08000153   Thumb Code     0  startup_stm32l152xe.o(.text)
    PVD_IRQHandler                           0x08000153   Thumb Code     0  startup_stm32l152xe.o(.text)
    RCC_IRQHandler                           0x08000153   Thumb Code     0  startup_stm32l152xe.o(.text)
    RTC_Alarm_IRQHandler                     0x08000153   Thumb Code     0  startup_stm32l152xe.o(.text)
    RTC_WKUP_IRQHandler                      0x08000153   Thumb Code     0  startup_stm32l152xe.o(.text)
    SPI1_IRQHandler                          0x08000153   Thumb Code     0  startup_stm32l152xe.o(.text)
    SPI2_IRQHandler                          0x08000153   Thumb Code     0  startup_stm32l152xe.o(.text)
    SPI3_IRQHandler                          0x08000153   Thumb Code     0  startup_stm32l152xe.o(.text)
    TAMPER_STAMP_IRQHandler                  0x08000153   Thumb Code     0  startup_stm32l152xe.o(.text)
    TIM10_IRQHandler                         0x08000153   Thumb Code     0  startup_stm32l152xe.o(.text)
    TIM11_IRQHandler                         0x08000153   Thumb Code     0  startup_stm32l152xe.o(.text)
    TIM2_IRQHandler                          0x08000153   Thumb Code     0  startup_stm32l152xe.o(.text)
    TIM3_IRQHandler                          0x08000153   Thumb Code     0  startup_stm32l152xe.o(.text)
    TIM4_IRQHandler                          0x08000153   Thumb Code     0  startup_stm32l152xe.o(.text)
    TIM5_IRQHandler                          0x08000153   Thumb Code     0  startup_stm32l152xe.o(.text)
    TIM6_IRQHandler                          0x08000153   Thumb Code     0  startup_stm32l152xe.o(.text)
    TIM7_IRQHandler                          0x08000153   Thumb Code     0  startup_stm32l152xe.o(.text)
    TIM9_IRQHandler                          0x08000153   Thumb Code     0  startup_stm32l152xe.o(.text)
    UART4_IRQHandler                         0x08000153   Thumb Code     0  startup_stm32l152xe.o(.text)
    UART5_IRQHandler                         0x08000153   Thumb Code     0  startup_stm32l152xe.o(.text)
    USART1_IRQHandler                        0x08000153   Thumb Code     0  startup_stm32l152xe.o(.text)
    USART2_IRQHandler                        0x08000153   Thumb Code     0  startup_stm32l152xe.o(.text)
    USART3_IRQHandler                        0x08000153   Thumb Code     0  startup_stm32l152xe.o(.text)
    USB_FS_WKUP_IRQHandler                   0x08000153   Thumb Code     0  startup_stm32l152xe.o(.text)
    USB_HP_IRQHandler                        0x08000153   Thumb Code     0  startup_stm32l152xe.o(.text)
    USB_LP_IRQHandler                        0x08000153   Thumb Code     0  startup_stm32l152xe.o(.text)
    WWDG_IRQHandler                          0x08000153   Thumb Code     0  startup_stm32l152xe.o(.text)
    __aeabi_memset                           0x0800015d   Thumb Code    14  memseta.o(.text)
    __aeabi_memset4                          0x0800015d   Thumb Code     0  memseta.o(.text)
    __aeabi_memset8                          0x0800015d   Thumb Code     0  memseta.o(.text)
    __aeabi_memclr                           0x0800016b   Thumb Code     4  memseta.o(.text)
    __aeabi_memclr4                          0x0800016b   Thumb Code     0  memseta.o(.text)
    __aeabi_memclr8                          0x0800016b   Thumb Code     0  memseta.o(.text)
    _memset$wrapper                          0x0800016f   Thumb Code    18  memseta.o(.text)
    __scatterload                            0x08000181   Thumb Code    28  init.o(.text)
    __scatterload_rt2                        0x08000181   Thumb Code     0  init.o(.text)
    BusFault_Handler                         0x080001a5   Thumb Code     2  stm32l1xx_it.o(i.BusFault_Handler)
    DebugMon_Handler                         0x080001a7   Thumb Code     2  stm32l1xx_it.o(i.DebugMon_Handler)
    HAL_Delay                                0x080001a9   Thumb Code    32  stm32l1xx_hal.o(i.HAL_Delay)
    HAL_GPIO_Init                            0x080001cd   Thumb Code   392  stm32l1xx_hal_gpio.o(i.HAL_GPIO_Init)
    HAL_GPIO_TogglePin                       0x0800037d   Thumb Code    12  stm32l1xx_hal_gpio.o(i.HAL_GPIO_TogglePin)
    HAL_GetTick                              0x08000389   Thumb Code     6  stm32l1xx_hal.o(i.HAL_GetTick)
    HAL_IncTick                              0x08000395   Thumb Code    12  stm32l1xx_hal.o(i.HAL_IncTick)
    HAL_Init                                 0x080003a5   Thumb Code    48  stm32l1xx_hal.o(i.HAL_Init)
    HAL_InitTick                             0x080003d9   Thumb Code    58  stm32l1xx_hal.o(i.HAL_InitTick)
    HAL_MspInit                              0x0800041d   Thumb Code     2  stm32l1xx_hal.o(i.HAL_MspInit)
    HAL_NVIC_SetPriority                     0x08000421   Thumb Code    60  stm32l1xx_hal_cortex.o(i.HAL_NVIC_SetPriority)
    HAL_NVIC_SetPriorityGrouping             0x08000461   Thumb Code    26  stm32l1xx_hal_cortex.o(i.HAL_NVIC_SetPriorityGrouping)
    HAL_RCC_ClockConfig                      0x08000485   Thumb Code   400  stm32l1xx_hal_rcc.o(i.HAL_RCC_ClockConfig)
    HAL_RCC_GetSysClockFreq                  0x08000629   Thumb Code    80  stm32l1xx_hal_rcc.o(i.HAL_RCC_GetSysClockFreq)
    HAL_RCC_OscConfig                        0x08000689   Thumb Code  1064  stm32l1xx_hal_rcc.o(i.HAL_RCC_OscConfig)
    HAL_SYSTICK_Config                       0x08000ab1   Thumb Code    40  stm32l1xx_hal_cortex.o(i.HAL_SYSTICK_Config)
    HardFault_Handler                        0x08000ad9   Thumb Code     2  stm32l1xx_it.o(i.HardFault_Handler)
    MemManage_Handler                        0x08000adb   Thumb Code     2  stm32l1xx_it.o(i.MemManage_Handler)
    NMI_Handler                              0x08000add   Thumb Code     2  stm32l1xx_it.o(i.NMI_Handler)
    PendSV_Handler                           0x08000adf   Thumb Code     2  stm32l1xx_it.o(i.PendSV_Handler)
    SVC_Handler                              0x08000b61   Thumb Code     2  stm32l1xx_it.o(i.SVC_Handler)
    SysTick_Handler                          0x08000b63   Thumb Code     4  stm32l1xx_it.o(i.SysTick_Handler)
    SystemClock_Config                       0x08000b69   Thumb Code   128  main.o(i.SystemClock_Config)
    SystemInit                               0x08000bf1   Thumb Code    62  system_stm32l1xx.o(i.SystemInit)
    UsageFault_Handler                       0x08000c41   Thumb Code     2  stm32l1xx_it.o(i.UsageFault_Handler)
    __scatterload_copy                       0x08000c63   Thumb Code    14  handlers.o(i.__scatterload_copy)
    __scatterload_null                       0x08000c71   Thumb Code     2  handlers.o(i.__scatterload_null)
    __scatterload_zeroinit                   0x08000c73   Thumb Code    14  handlers.o(i.__scatterload_zeroinit)
    main                                     0x08000c81   Thumb Code    70  main.o(i.main)
    PLLMulTable                              0x08000cd4   Data           9  system_stm32l1xx.o(.constdata)
    AHBPrescTable                            0x08000cdd   Data          16  system_stm32l1xx.o(.constdata)
    Region$$Table$$Base                      0x08000cf0   Number         0  anon$$obj.o(Region$$Table)
    Region$$Table$$Limit                     0x08000d10   Number         0  anon$$obj.o(Region$$Table)
    SystemCoreClock                          0x20000000   Data           4  system_stm32l1xx.o(.data)
    uwTickPrio                               0x20000004   Data           4  stm32l1xx_hal.o(.data)
    uwTickFreq                               0x20000008   Data           4  stm32l1xx_hal.o(.data)
    uwTick                                   0x2000000c   Data           4  stm32l1xx_hal.o(.data)
    __initial_sp                             0x20000428   Data           0  startup_stm32l152xe.o(STACK)



==============================================================================

Memory Map of the image

  Image Entry point : 0x08000125

  Load Region LR_IROM1 (Base: 0x08000000, Size: 0x00000d20, Max: 0x00080000, ABSOLUTE)

    Execution Region ER_IROM1 (Exec base: 0x08000000, Load base: 0x08000000, Size: 0x00000d10, Max: 0x00080000, ABSOLUTE)

    Exec Addr    Load Addr    Size         Type   Attr      Idx    E Section Name        Object

    0x08000000   0x08000000   0x00000124   Data   RO          115    RESET               startup_stm32l152xe.o
    0x08000124   0x08000124   0x00000000   Code   RO         1041  * .ARM.Collect$$$$00000000  mc_w.l(entry.o)
    0x08000124   0x08000124   0x00000004   Code   RO         1046    .ARM.Collect$$$$00000001  mc_w.l(entry2.o)
    0x08000128   0x08000128   0x00000004   Code   RO         1049    .ARM.Collect$$$$00000004  mc_w.l(entry5.o)
    0x0800012c   0x0800012c   0x00000000   Code   RO         1051    .ARM.Collect$$$$00000008  mc_w.l(entry7b.o)
    0x0800012c   0x0800012c   0x00000000   Code   RO         1053    .ARM.Collect$$$$0000000A  mc_w.l(entry8b.o)
    0x0800012c   0x0800012c   0x00000008   Code   RO         1054    .ARM.Collect$$$$0000000B  mc_w.l(entry9a.o)
    0x08000134   0x08000134   0x00000000   Code   RO         1056    .ARM.Collect$$$$0000000D  mc_w.l(entry10a.o)
    0x08000134   0x08000134   0x00000000   Code   RO         1058    .ARM.Collect$$$$0000000F  mc_w.l(entry11a.o)
    0x08000134   0x08000134   0x00000004   Code   RO         1047    .ARM.Collect$$$$00002712  mc_w.l(entry2.o)
    0x08000138   0x08000138   0x00000024   Code   RO          116    .text               startup_stm32l152xe.o
    0x0800015c   0x0800015c   0x00000024   Code   RO         1044    .text               mc_w.l(memseta.o)
    0x08000180   0x08000180   0x00000024   Code   RO         1060    .text               mc_w.l(init.o)
    0x080001a4   0x080001a4   0x00000002   Code   RO          123    i.BusFault_Handler  stm32l1xx_it.o
    0x080001a6   0x080001a6   0x00000002   Code   RO          124    i.DebugMon_Handler  stm32l1xx_it.o
    0x080001a8   0x080001a8   0x00000024   Code   RO          638    i.HAL_Delay         stm32l1xx_hal.o
    0x080001cc   0x080001cc   0x000001b0   Code   RO          874    i.HAL_GPIO_Init     stm32l1xx_hal_gpio.o
    0x0800037c   0x0800037c   0x0000000c   Code   RO          877    i.HAL_GPIO_TogglePin  stm32l1xx_hal_gpio.o
    0x08000388   0x08000388   0x0000000c   Code   RO          642    i.HAL_GetTick       stm32l1xx_hal.o
    0x08000394   0x08000394   0x00000010   Code   RO          648    i.HAL_IncTick       stm32l1xx_hal.o
    0x080003a4   0x080003a4   0x00000034   Code   RO          649    i.HAL_Init          stm32l1xx_hal.o
    0x080003d8   0x080003d8   0x00000044   Code   RO          650    i.HAL_InitTick      stm32l1xx_hal.o
    0x0800041c   0x0800041c   0x00000002   Code   RO          652    i.HAL_MspInit       stm32l1xx_hal.o
    0x0800041e   0x0800041e   0x00000002   PAD
    0x08000420   0x08000420   0x00000040   Code   RO          507    i.HAL_NVIC_SetPriority  stm32l1xx_hal_cortex.o
    0x08000460   0x08000460   0x00000024   Code   RO          508    i.HAL_NVIC_SetPriorityGrouping  stm32l1xx_hal_cortex.o
    0x08000484   0x08000484   0x000001a4   Code   RO          938    i.HAL_RCC_ClockConfig  stm32l1xx_hal_rcc.o
    0x08000628   0x08000628   0x00000060   Code   RO          947    i.HAL_RCC_GetSysClockFreq  stm32l1xx_hal_rcc.o
    0x08000688   0x08000688   0x00000428   Code   RO          950    i.HAL_RCC_OscConfig  stm32l1xx_hal_rcc.o
    0x08000ab0   0x08000ab0   0x00000028   Code   RO          512    i.HAL_SYSTICK_Config  stm32l1xx_hal_cortex.o
    0x08000ad8   0x08000ad8   0x00000002   Code   RO          125    i.HardFault_Handler  stm32l1xx_it.o
    0x08000ada   0x08000ada   0x00000002   Code   RO          126    i.MemManage_Handler  stm32l1xx_it.o
    0x08000adc   0x08000adc   0x00000002   Code   RO          127    i.NMI_Handler       stm32l1xx_it.o
    0x08000ade   0x08000ade   0x00000002   Code   RO          128    i.PendSV_Handler    stm32l1xx_it.o
    0x08000ae0   0x08000ae0   0x00000080   Code   RO          951    i.RCC_SetFlashLatencyFromMSIRange  stm32l1xx_hal_rcc.o
    0x08000b60   0x08000b60   0x00000002   Code   RO          129    i.SVC_Handler       stm32l1xx_it.o
    0x08000b62   0x08000b62   0x00000004   Code   RO          130    i.SysTick_Handler   stm32l1xx_it.o
    0x08000b66   0x08000b66   0x00000002   PAD
    0x08000b68   0x08000b68   0x00000088   Code   RO          208    i.SystemClock_Config  main.o
    0x08000bf0   0x08000bf0   0x00000050   Code   RO            5    i.SystemInit        system_stm32l1xx.o
    0x08000c40   0x08000c40   0x00000002   Code   RO          131    i.UsageFault_Handler  stm32l1xx_it.o
    0x08000c42   0x08000c42   0x00000020   Code   RO          514    i.__NVIC_SetPriority  stm32l1xx_hal_cortex.o
    0x08000c62   0x08000c62   0x0000000e   Code   RO         1064    i.__scatterload_copy  mc_w.l(handlers.o)
    0x08000c70   0x08000c70   0x00000002   Code   RO         1065    i.__scatterload_null  mc_w.l(handlers.o)
    0x08000c72   0x08000c72   0x0000000e   Code   RO         1066    i.__scatterload_zeroinit  mc_w.l(handlers.o)
    0x08000c80   0x08000c80   0x00000054   Code   RO          209    i.main              main.o
    0x08000cd4   0x08000cd4   0x00000019   Data   RO            6    .constdata          system_stm32l1xx.o
    0x08000ced   0x08000ced   0x00000003   PAD
    0x08000cf0   0x08000cf0   0x00000020   Data   RO         1062    Region$$Table       anon$$obj.o


    Execution Region RW_IRAM1 (Exec base: 0x20000000, Load base: 0x08000d10, Size: 0x00000428, Max: 0x00014000, ABSOLUTE)

    Exec Addr    Load Addr    Size         Type   Attr      Idx    E Section Name        Object

    0x20000000   0x08000d10   0x00000004   Data   RW            8    .data               system_stm32l1xx.o
    0x20000004   0x08000d14   0x0000000c   Data   RW          656    .data               stm32l1xx_hal.o
    0x20000010        -       0x00000014   Zero   RW          210    .bss                main.o
    0x20000024   0x08000d20   0x00000004   PAD
    0x20000028        -       0x00000400   Zero   RW          113    STACK               startup_stm32l152xe.o


==============================================================================

Image component sizes


      Code (inc. data)   RO Data    RW Data    ZI Data      Debug   Object Name

       220         22          0          0         20       1876   main.o
        36          8        292          0       1024        824   startup_stm32l152xe.o
       186         28          0         12          0       4975   stm32l1xx_hal.o
       172         14          0          0          0      30386   stm32l1xx_hal_cortex.o
       444         40          0          0          0       2561   stm32l1xx_hal_gpio.o
      1708         90          0          0          0       5482   stm32l1xx_hal_rcc.o
        20          0          0          0          0       4250   stm32l1xx_it.o
        80         18         25          4          0     364863   system_stm32l1xx.o

    ----------------------------------------------------------------------
      2870        220        352         16       1048     415217   Object Totals
         0          0         32          0          0          0   (incl. Generated)
         4          0          3          0          4          0   (incl. Padding)

    ----------------------------------------------------------------------

      Code (inc. data)   RO Data    RW Data    ZI Data      Debug   Library Member Name

         0          0          0          0          0          0   entry.o
         0          0          0          0          0          0   entry10a.o
         0          0          0          0          0          0   entry11a.o
         8          4          0          0          0          0   entry2.o
         4          0          0          0          0          0   entry5.o
         0          0          0          0          0          0   entry7b.o
         0          0          0          0          0          0   entry8b.o
         8          4          0          0          0          0   entry9a.o
        30          0          0          0          0          0   handlers.o
        36          8          0          0          0         68   init.o
        36          0          0          0          0        108   memseta.o

    ----------------------------------------------------------------------
       122         16          0          0          0        176   Library Totals
         0          0          0          0          0          0   (incl. Padding)

    ----------------------------------------------------------------------

      Code (inc. data)   RO Data    RW Data    ZI Data      Debug   Library Name

       122         16          0          0          0        176   mc_w.l

    ----------------------------------------------------------------------
       122         16          0          0          0        176   Library Totals

    ----------------------------------------------------------------------

==============================================================================


      Code (inc. data)   RO Data    RW Data    ZI Data      Debug   

      2992        236        352         16       1048     414245   Grand Totals
      2992        236        352         16       1048     414245   ELF Image Totals
      2992        236        352         16          0          0   ROM Totals

==============================================================================

    Total RO  Size (Code + RO Data)                 3344 (   3.27kB)
    Total RW  Size (RW Data + ZI Data)              1064 (   1.04kB)
    Total ROM Size (Code + RO Data + RW Data)       3360 (   3.28kB)

==============================================================================

